Info    2026-04-28 01:01:28:875  DevID:MV-CS020-10UC(DA2881775)  Source-Line:libMvUsb3vTL.so(Manager.cpp-L0157)  ProcessName:component_container(39465)     Description:[Init]Current dynamic library path[/opt/MVS/lib/64/libMvUsb3vTL.so]
Info    2026-04-28 01:01:28:875  DevID:MV-CS020-10UC(DA2881775)  Source-Line:libMvUsb3vTL.so(Manager.cpp-L0159)  ProcessName:component_container(39465)     Description:[Init]U3V_Version: 4.7.0.3, U3V_Description: BaseLine Build 20251110
Info    2026-04-28 01:01:28:875  DevID:MV-CS020-10UC(DA2881775)  Source-Line:libMvUsb3vTL.so(Manager.cpp-L0804)  ProcessName:component_container(39465)     Description:[ConnectDevice][UpdateUsbDeviceType] Dev SerialNum:[DA2881775], Type[0] (0-Stand; 1-MasterWithSlaver; 2-justMaster)
Info    2026-04-28 01:01:28:875  DevID:MV-CS020-10UC(DA2881775)  Source-Line:libMvUsb3vTL.so(DriverLayer.cpp-L1035)  ProcessName:component_container(39465)     Description:[OpenDevice]device speed: [0x4]
Info    2026-04-28 01:01:28:978  DevID:MV-CS020-10UC(DA2881775)  Source-Line:libMvUsb3vTL.so(DeviceControl.cpp-L0035)  ProcessName:component_container(39465)     Description:[HeartBeat]U3V HeartBeat Start, ThreadId[2684352064], CameraType[0]
Info    2026-04-28 01:01:28:979  DevID:MV-CS020-10UC(DA2881775)  Source-Line:libMvUsb3vTL.so(DriverLayer.cpp-L1484)  ProcessName:component_container(39465)     Description:[RegisterHotPlugCallback]Register hotplug success
Info    2026-04-28 01:01:29:011  DevID:MV-CS020-10UC(DA2881775)  Source-Line:libMvUsb3vTL.so(DeviceControl.cpp-L1491)  ProcessName:component_container(39465)     Description:[SetTransferSize]Set TransferSize:[1048576] success.
Info    2026-04-28 01:01:29:011  DevID:MV-CS020-10UC(DA2881775)  Source-Line:libMvUsb3vTL.so(StreamProcess.cpp-L3412)  ProcessName:component_container(39465)     Description:[SetStreamPayloadTimeout]Set StreamPayload Timeout [50]ms
Info    2026-04-28 01:01:29:011  DevID:MV-CS020-10UC(DA2881775)  Source-Line:libMvUsb3vTL.so(DeviceControl.cpp-L2196)  ProcessName:component_container(39465)     Description:[SetSIControlRegTimeout]Set SIControlReg Timeout:[30]  success.
Info    2026-04-28 01:01:29:054  DevID:MV-CS020-10UC(DA2881775)  Source-Line:libMvUsb3vTL.so(Manager.cpp-L1178)  ProcessName:component_container(39465)     Description:[StartAcquisition] Have no ExStreamPort
Info    2026-04-28 01:01:29:054  DevID:MV-CS020-10UC(DA2881775)  Source-Line:libMvUsb3vTL.so(StreamProcess.cpp-L1451)  ProcessName:component_container(39465)     Description:[RecvThread]U3V StreamRecvThread Start, ThreadId[2205259328]  USBType[0]
Info    2026-04-28 01:01:29:055  DevID:MV-CS020-10UC(DA2881775)  Source-Line:libMvUsb3vTL.so(StreamProcess.cpp-L2098)  ProcessName:component_container(39465)     Description:[RecvThreadProcess][RecvThreadProcess] UsbType[0] m_nStreamAsyncParamNum [8] begin running
Info    2026-04-28 01:02:53:462  DevID:MV-CS020-10UC(DA2881775)  Source-Line:libMvUsb3vTL.so(StreamProcess.cpp-L2106)  ProcessName:component_container(39465)     Description:[RecvThreadProcess]RecvThread process exit,UsbType[0]
Info    2026-04-28 01:02:53:462  DevID:MV-CS020-10UC(DA2881775)  Source-Line:libMvUsb3vTL.so(StreamProcess.cpp-L1470)  ProcessName:component_container(39465)     Description:[RecvThread]U3V StreamRecvThread End, ThreadId[2205259328] USBType[0]
Info    2026-04-28 01:02:53:464  DevID:MV-CS020-10UC(DA2881775)  Source-Line:libMvUsb3vTL.so(StreamProcess.cpp-L1484)  ProcessName:component_container(39465)     Description:[Stop]UsbType[0] Stop begin
Info    2026-04-28 01:02:53:466  DevID:MV-CS020-10UC(DA2881775)  Source-Line:libMvUsb3vTL.so(StreamProcess.cpp-L1569)  ProcessName:component_container(39465)     Description:[Stop]UsbType[0] Stop Acquiration process end, GetFrameCount[6930], GetFrameCountSucceed[6930], ReceivedFrameCount[6931], AbnormalFrameCount[0]
Info    2026-04-28 01:02:53:467  DevID:MV-CS020-10UC(DA2881775)  Source-Line:libMvUsb3vTL.so(DriverLayer.cpp-L1523)  ProcessName:component_container(39465)     Description:[DeregisterHotPlugCallback]Deregister hotplug success
Info    2026-04-28 01:02:53:467  DevID:MV-CS020-10UC(DA2881775)  Source-Line:libMvUsb3vTL.so(DeviceControl.cpp-L0037)  ProcessName:component_container(39465)     Description:[HeartBeat]U3V HeartBeat End, ThreadId[2684352064], CameraType[0]
Info    2026-04-28 01:03:06:429  DevID:MV-CS020-10UC(DA2881775)  Source-Line:libMvUsb3vTL.so(Manager.cpp-L0157)  ProcessName:component_container(40547)     Description:[Init]Current dynamic library path[/opt/MVS/lib/64/libMvUsb3vTL.so]
Info    2026-04-28 01:03:06:429  DevID:MV-CS020-10UC(DA2881775)  Source-Line:libMvUsb3vTL.so(Manager.cpp-L0159)  ProcessName:component_container(40547)     Description:[Init]U3V_Version: 4.7.0.3, U3V_Description: BaseLine Build 20251110
Info    2026-04-28 01:03:06:430  DevID:MV-CS020-10UC(DA2881775)  Source-Line:libMvUsb3vTL.so(Manager.cpp-L0804)  ProcessName:component_container(40547)     Description:[ConnectDevice][UpdateUsbDeviceType] Dev SerialNum:[DA2881775], Type[0] (0-Stand; 1-MasterWithSlaver; 2-justMaster)
Info    2026-04-28 01:03:06:430  DevID:MV-CS020-10UC(DA2881775)  Source-Line:libMvUsb3vTL.so(DriverLayer.cpp-L1035)  ProcessName:component_container(40547)     Description:[OpenDevice]device speed: [0x4]
Info    2026-04-28 01:03:06:533  DevID:MV-CS020-10UC(DA2881775)  Source-Line:libMvUsb3vTL.so(DeviceControl.cpp-L0035)  ProcessName:component_container(40547)     Description:[HeartBeat]U3V HeartBeat Start, ThreadId[3969541696], CameraType[0]
Info    2026-04-28 01:03:06:533  DevID:MV-CS020-10UC(DA2881775)  Source-Line:libMvUsb3vTL.so(DriverLayer.cpp-L1484)  ProcessName:component_container(40547)     Description:[RegisterHotPlugCallback]Register hotplug success
Info    2026-04-28 01:03:06:569  DevID:MV-CS020-10UC(DA2881775)  Source-Line:libMvUsb3vTL.so(DeviceControl.cpp-L1491)  ProcessName:component_container(40547)     Description:[SetTransferSize]Set TransferSize:[1048576] success.
Info    2026-04-28 01:03:06:569  DevID:MV-CS020-10UC(DA2881775)  Source-Line:libMvUsb3vTL.so(StreamProcess.cpp-L3412)  ProcessName:component_container(40547)     Description:[SetStreamPayloadTimeout]Set StreamPayload Timeout [50]ms
Info    2026-04-28 01:03:06:569  DevID:MV-CS020-10UC(DA2881775)  Source-Line:libMvUsb3vTL.so(DeviceControl.cpp-L2196)  ProcessName:component_container(40547)     Description:[SetSIControlRegTimeout]Set SIControlReg Timeout:[30]  success.
Info    2026-04-28 01:03:06:612  DevID:MV-CS020-10UC(DA2881775)  Source-Line:libMvUsb3vTL.so(Manager.cpp-L1178)  ProcessName:component_container(40547)     Description:[StartAcquisition] Have no ExStreamPort
Info    2026-04-28 01:03:06:612  DevID:MV-CS020-10UC(DA2881775)  Source-Line:libMvUsb3vTL.so(StreamProcess.cpp-L1451)  ProcessName:component_container(40547)     Description:[RecvThread]U3V StreamRecvThread Start, ThreadId[3356804672]  USBType[0]
Info    2026-04-28 01:03:06:613  DevID:MV-CS020-10UC(DA2881775)  Source-Line:libMvUsb3vTL.so(StreamProcess.cpp-L2098)  ProcessName:component_container(40547)     Description:[RecvThreadProcess][RecvThreadProcess] UsbType[0] m_nStreamAsyncParamNum [8] begin running
Warning 2026-04-28 01:03:34:742  DevID:MV-CS020-10UC(DA2881775)  Source-Line:libMvUsb3vTL.so(StreamProcess.cpp-L2878)  ProcessName:component_container(40547)     Description:[AddtoDataNode]Delete one Data Node, nCurFramenum = 2308 :Solution Input list is empty, Please confirm that there is a blocking operation when you grab frame
Info    2026-04-28 01:03:34:747  DevID:MV-CS020-10UC(DA2881775)  Source-Line:libMvUsb3vTL.so(StreamProcess.cpp-L2106)  ProcessName:component_container(40547)     Description:[RecvThreadProcess]RecvThread process exit,UsbType[0]
Info    2026-04-28 01:03:34:748  DevID:MV-CS020-10UC(DA2881775)  Source-Line:libMvUsb3vTL.so(StreamProcess.cpp-L1470)  ProcessName:component_container(40547)     Description:[RecvThread]U3V StreamRecvThread End, ThreadId[3356804672] USBType[0]
Info    2026-04-28 01:03:34:749  DevID:MV-CS020-10UC(DA2881775)  Source-Line:libMvUsb3vTL.so(StreamProcess.cpp-L1484)  ProcessName:component_container(40547)     Description:[Stop]UsbType[0] Stop begin
Info    2026-04-28 01:03:34:750  DevID:MV-CS020-10UC(DA2881775)  Source-Line:libMvUsb3vTL.so(StreamProcess.cpp-L1569)  ProcessName:component_container(40547)     Description:[Stop]UsbType[0] Stop Acquiration process end, GetFrameCount[2307], GetFrameCountSucceed[2307], ReceivedFrameCount[2309], AbnormalFrameCount[0]
Info    2026-04-28 01:03:34:752  DevID:MV-CS020-10UC(DA2881775)  Source-Line:libMvUsb3vTL.so(DriverLayer.cpp-L1523)  ProcessName:component_container(40547)     Description:[DeregisterHotPlugCallback]Deregister hotplug success
Info    2026-04-28 01:03:34:752  DevID:MV-CS020-10UC(DA2881775)  Source-Line:libMvUsb3vTL.so(DeviceControl.cpp-L0037)  ProcessName:component_container(40547)     Description:[HeartBeat]U3V HeartBeat End, ThreadId[3969541696], CameraType[0]
Info    2026-04-28 01:06:12:783  DevID:MV-CS020-10UC(DA2881775)  Source-Line:libMvUsb3vTL.so(Manager.cpp-L0157)  ProcessName:component_container(41113)     Description:[Init]Current dynamic library path[/opt/MVS/lib/64/libMvUsb3vTL.so]
Info    2026-04-28 01:06:12:783  DevID:MV-CS020-10UC(DA2881775)  Source-Line:libMvUsb3vTL.so(Manager.cpp-L0159)  ProcessName:component_container(41113)     Description:[Init]U3V_Version: 4.7.0.3, U3V_Description: BaseLine Build 20251110
Info    2026-04-28 01:06:12:784  DevID:MV-CS020-10UC(DA2881775)  Source-Line:libMvUsb3vTL.so(Manager.cpp-L0804)  ProcessName:component_container(41113)     Description:[ConnectDevice][UpdateUsbDeviceType] Dev SerialNum:[DA2881775], Type[0] (0-Stand; 1-MasterWithSlaver; 2-justMaster)
Info    2026-04-28 01:06:12:784  DevID:MV-CS020-10UC(DA2881775)  Source-Line:libMvUsb3vTL.so(DriverLayer.cpp-L1035)  ProcessName:component_container(41113)     Description:[OpenDevice]device speed: [0x4]
Info    2026-04-28 01:06:12:887  DevID:MV-CS020-10UC(DA2881775)  Source-Line:libMvUsb3vTL.so(DeviceControl.cpp-L0035)  ProcessName:component_container(41113)     Description:[HeartBeat]U3V HeartBeat Start, ThreadId[3663722048], CameraType[0]
Info    2026-04-28 01:06:12:887  DevID:MV-CS020-10UC(DA2881775)  Source-Line:libMvUsb3vTL.so(DriverLayer.cpp-L1484)  ProcessName:component_container(41113)     Description:[RegisterHotPlugCallback]Register hotplug success
Info    2026-04-28 01:06:12:922  DevID:MV-CS020-10UC(DA2881775)  Source-Line:libMvUsb3vTL.so(DeviceControl.cpp-L1491)  ProcessName:component_container(41113)     Description:[SetTransferSize]Set TransferSize:[1048576] success.
Info    2026-04-28 01:06:12:922  DevID:MV-CS020-10UC(DA2881775)  Source-Line:libMvUsb3vTL.so(StreamProcess.cpp-L3412)  ProcessName:component_container(41113)     Description:[SetStreamPayloadTimeout]Set StreamPayload Timeout [50]ms
Info    2026-04-28 01:06:12:922  DevID:MV-CS020-10UC(DA2881775)  Source-Line:libMvUsb3vTL.so(DeviceControl.cpp-L2196)  ProcessName:component_container(41113)     Description:[SetSIControlRegTimeout]Set SIControlReg Timeout:[30]  success.
Info    2026-04-28 01:06:12:963  DevID:MV-CS020-10UC(DA2881775)  Source-Line:libMvUsb3vTL.so(Manager.cpp-L1178)  ProcessName:component_container(41113)     Description:[StartAcquisition] Have no ExStreamPort
Info    2026-04-28 01:06:12:963  DevID:MV-CS020-10UC(DA2881775)  Source-Line:libMvUsb3vTL.so(StreamProcess.cpp-L1451)  ProcessName:component_container(41113)     Description:[RecvThread]U3V StreamRecvThread Start, ThreadId[2986292800]  USBType[0]
Info    2026-04-28 01:06:12:965  DevID:MV-CS020-10UC(DA2881775)  Source-Line:libMvUsb3vTL.so(StreamProcess.cpp-L2098)  ProcessName:component_container(41113)     Description:[RecvThreadProcess][RecvThreadProcess] UsbType[0] m_nStreamAsyncParamNum [8] begin running
Warning 2026-04-28 01:06:24:134  DevID:MV-CS020-10UC(DA2881775)  Source-Line:libMvUsb3vTL.so(StreamProcess.cpp-L2878)  ProcessName:component_container(41113)     Description:[AddtoDataNode]Delete one Data Node, nCurFramenum = 915 :Solution Input list is empty, Please confirm that there is a blocking operation when you grab frame
Info    2026-04-28 01:06:24:139  DevID:MV-CS020-10UC(DA2881775)  Source-Line:libMvUsb3vTL.so(StreamProcess.cpp-L2106)  ProcessName:component_container(41113)     Description:[RecvThreadProcess]RecvThread process exit,UsbType[0]
Info    2026-04-28 01:06:24:139  DevID:MV-CS020-10UC(DA2881775)  Source-Line:libMvUsb3vTL.so(StreamProcess.cpp-L1470)  ProcessName:component_container(41113)     Description:[RecvThread]U3V StreamRecvThread End, ThreadId[2986292800] USBType[0]
Info    2026-04-28 01:06:24:140  DevID:MV-CS020-10UC(DA2881775)  Source-Line:libMvUsb3vTL.so(StreamProcess.cpp-L1484)  ProcessName:component_container(41113)     Description:[Stop]UsbType[0] Stop begin
Info    2026-04-28 01:06:24:142  DevID:MV-CS020-10UC(DA2881775)  Source-Line:libMvUsb3vTL.so(StreamProcess.cpp-L1569)  ProcessName:component_container(41113)     Description:[Stop]UsbType[0] Stop Acquiration process end, GetFrameCount[914], GetFrameCountSucceed[914], ReceivedFrameCount[916], AbnormalFrameCount[0]
Info    2026-04-28 01:06:24:144  DevID:MV-CS020-10UC(DA2881775)  Source-Line:libMvUsb3vTL.so(DriverLayer.cpp-L1523)  ProcessName:component_container(41113)     Description:[DeregisterHotPlugCallback]Deregister hotplug success
Info    2026-04-28 01:06:24:144  DevID:MV-CS020-10UC(DA2881775)  Source-Line:libMvUsb3vTL.so(DeviceControl.cpp-L0037)  ProcessName:component_container(41113)     Description:[HeartBeat]U3V HeartBeat End, ThreadId[3663722048], CameraType[0]
Info    2026-04-28 01:07:06:269  DevID:MV-CS020-10UC(DA2881775)  Source-Line:libMvUsb3vTL.so(Manager.cpp-L0157)  ProcessName:component_container(41675)     Description:[Init]Current dynamic library path[/opt/MVS/lib/64/libMvUsb3vTL.so]
Info    2026-04-28 01:07:06:269  DevID:MV-CS020-10UC(DA2881775)  Source-Line:libMvUsb3vTL.so(Manager.cpp-L0159)  ProcessName:component_container(41675)     Description:[Init]U3V_Version: 4.7.0.3, U3V_Description: BaseLine Build 20251110
Info    2026-04-28 01:07:06:269  DevID:MV-CS020-10UC(DA2881775)  Source-Line:libMvUsb3vTL.so(Manager.cpp-L0804)  ProcessName:component_container(41675)     Description:[ConnectDevice][UpdateUsbDeviceType] Dev SerialNum:[DA2881775], Type[0] (0-Stand; 1-MasterWithSlaver; 2-justMaster)
Info    2026-04-28 01:07:06:269  DevID:MV-CS020-10UC(DA2881775)  Source-Line:libMvUsb3vTL.so(DriverLayer.cpp-L1035)  ProcessName:component_container(41675)     Description:[OpenDevice]device speed: [0x4]
Info    2026-04-28 01:07:06:372  DevID:MV-CS020-10UC(DA2881775)  Source-Line:libMvUsb3vTL.so(DeviceControl.cpp-L0035)  ProcessName:component_container(41675)     Description:[HeartBeat]U3V HeartBeat Start, ThreadId[2921330240], CameraType[0]
Info    2026-04-28 01:07:06:373  DevID:MV-CS020-10UC(DA2881775)  Source-Line:libMvUsb3vTL.so(DriverLayer.cpp-L1484)  ProcessName:component_container(41675)     Description:[RegisterHotPlugCallback]Register hotplug success
Info    2026-04-28 01:07:06:413  DevID:MV-CS020-10UC(DA2881775)  Source-Line:libMvUsb3vTL.so(DeviceControl.cpp-L1491)  ProcessName:component_container(41675)     Description:[SetTransferSize]Set TransferSize:[1048576] success.
Info    2026-04-28 01:07:06:413  DevID:MV-CS020-10UC(DA2881775)  Source-Line:libMvUsb3vTL.so(StreamProcess.cpp-L3412)  ProcessName:component_container(41675)     Description:[SetStreamPayloadTimeout]Set StreamPayload Timeout [50]ms
Info    2026-04-28 01:07:06:413  DevID:MV-CS020-10UC(DA2881775)  Source-Line:libMvUsb3vTL.so(DeviceControl.cpp-L2196)  ProcessName:component_container(41675)     Description:[SetSIControlRegTimeout]Set SIControlReg Timeout:[30]  success.
Info    2026-04-28 01:07:06:460  DevID:MV-CS020-10UC(DA2881775)  Source-Line:libMvUsb3vTL.so(Manager.cpp-L1178)  ProcessName:component_container(41675)     Description:[StartAcquisition] Have no ExStreamPort
Info    2026-04-28 01:07:06:460  DevID:MV-CS020-10UC(DA2881775)  Source-Line:libMvUsb3vTL.so(StreamProcess.cpp-L1451)  ProcessName:component_container(41675)     Description:[RecvThread]U3V StreamRecvThread Start, ThreadId[2240046656]  USBType[0]
Info    2026-04-28 01:07:06:462  DevID:MV-CS020-10UC(DA2881775)  Source-Line:libMvUsb3vTL.so(StreamProcess.cpp-L2098)  ProcessName:component_container(41675)     Description:[RecvThreadProcess][RecvThreadProcess] UsbType[0] m_nStreamAsyncParamNum [8] begin running
Info    2026-04-28 01:08:05:596  DevID:MV-CS020-10UC(DA2881775)  Source-Line:libMvUsb3vTL.so(StreamProcess.cpp-L2106)  ProcessName:component_container(41675)     Description:[RecvThreadProcess]RecvThread process exit,UsbType[0]
Info    2026-04-28 01:08:05:596  DevID:MV-CS020-10UC(DA2881775)  Source-Line:libMvUsb3vTL.so(StreamProcess.cpp-L1470)  ProcessName:component_container(41675)     Description:[RecvThread]U3V StreamRecvThread End, ThreadId[2240046656] USBType[0]
Info    2026-04-28 01:08:05:597  DevID:MV-CS020-10UC(DA2881775)  Source-Line:libMvUsb3vTL.so(StreamProcess.cpp-L1484)  ProcessName:component_container(41675)     Description:[Stop]UsbType[0] Stop begin
Info    2026-04-28 01:08:05:599  DevID:MV-CS020-10UC(DA2881775)  Source-Line:libMvUsb3vTL.so(StreamProcess.cpp-L1569)  ProcessName:component_container(41675)     Description:[Stop]UsbType[0] Stop Acquiration process end, GetFrameCount[4855], GetFrameCountSucceed[4855], ReceivedFrameCount[4856], AbnormalFrameCount[0]
Info    2026-04-28 01:08:05:600  DevID:MV-CS020-10UC(DA2881775)  Source-Line:libMvUsb3vTL.so(DriverLayer.cpp-L1523)  ProcessName:component_container(41675)     Description:[DeregisterHotPlugCallback]Deregister hotplug success
Info    2026-04-28 01:08:05:601  DevID:MV-CS020-10UC(DA2881775)  Source-Line:libMvUsb3vTL.so(DeviceControl.cpp-L0037)  ProcessName:component_container(41675)     Description:[HeartBeat]U3V HeartBeat End, ThreadId[2921330240], CameraType[0]
Info    2026-04-28 01:14:15:564  DevID:MV-CS020-10UC(DA2881775)  Source-Line:libMvUsb3vTL.so(Manager.cpp-L0157)  ProcessName:component_container(43062)     Description:[Init]Current dynamic library path[/opt/MVS/lib/64/libMvUsb3vTL.so]
Info    2026-04-28 01:14:15:564  DevID:MV-CS020-10UC(DA2881775)  Source-Line:libMvUsb3vTL.so(Manager.cpp-L0159)  ProcessName:component_container(43062)     Description:[Init]U3V_Version: 4.7.0.3, U3V_Description: BaseLine Build 20251110
Info    2026-04-28 01:14:15:564  DevID:MV-CS020-10UC(DA2881775)  Source-Line:libMvUsb3vTL.so(Manager.cpp-L0804)  ProcessName:component_container(43062)     Description:[ConnectDevice][UpdateUsbDeviceType] Dev SerialNum:[DA2881775], Type[0] (0-Stand; 1-MasterWithSlaver; 2-justMaster)
Info    2026-04-28 01:14:15:565  DevID:MV-CS020-10UC(DA2881775)  Source-Line:libMvUsb3vTL.so(DriverLayer.cpp-L1035)  ProcessName:component_container(43062)     Description:[OpenDevice]device speed: [0x4]
Info    2026-04-28 01:14:15:667  DevID:MV-CS020-10UC(DA2881775)  Source-Line:libMvUsb3vTL.so(DeviceControl.cpp-L0035)  ProcessName:component_container(43062)     Description:[HeartBeat]U3V HeartBeat Start, ThreadId[3030017600], CameraType[0]
Info    2026-04-28 01:14:15:668  DevID:MV-CS020-10UC(DA2881775)  Source-Line:libMvUsb3vTL.so(DriverLayer.cpp-L1484)  ProcessName:component_container(43062)     Description:[RegisterHotPlugCallback]Register hotplug success
Info    2026-04-28 01:14:15:704  DevID:MV-CS020-10UC(DA2881775)  Source-Line:libMvUsb3vTL.so(DeviceControl.cpp-L1491)  ProcessName:component_container(43062)     Description:[SetTransferSize]Set TransferSize:[1048576] success.
Info    2026-04-28 01:14:15:704  DevID:MV-CS020-10UC(DA2881775)  Source-Line:libMvUsb3vTL.so(StreamProcess.cpp-L3412)  ProcessName:component_container(43062)     Description:[SetStreamPayloadTimeout]Set StreamPayload Timeout [50]ms
Info    2026-04-28 01:14:15:704  DevID:MV-CS020-10UC(DA2881775)  Source-Line:libMvUsb3vTL.so(DeviceControl.cpp-L2196)  ProcessName:component_container(43062)     Description:[SetSIControlRegTimeout]Set SIControlReg Timeout:[30]  success.
Info    2026-04-28 01:14:15:749  DevID:MV-CS020-10UC(DA2881775)  Source-Line:libMvUsb3vTL.so(Manager.cpp-L1178)  ProcessName:component_container(43062)     Description:[StartAcquisition] Have no ExStreamPort
Info    2026-04-28 01:14:15:749  DevID:MV-CS020-10UC(DA2881775)  Source-Line:libMvUsb3vTL.so(StreamProcess.cpp-L1451)  ProcessName:component_container(43062)     Description:[RecvThread]U3V StreamRecvThread Start, ThreadId[2281969216]  USBType[0]
Info    2026-04-28 01:14:15:751  DevID:MV-CS020-10UC(DA2881775)  Source-Line:libMvUsb3vTL.so(StreamProcess.cpp-L2098)  ProcessName:component_container(43062)     Description:[RecvThreadProcess][RecvThreadProcess] UsbType[0] m_nStreamAsyncParamNum [8] begin running
Info    2026-04-28 01:14:44:626  DevID:MV-CS020-10UC(DA2881775)  Source-Line:libMvUsb3vTL.so(StreamProcess.cpp-L2106)  ProcessName:component_container(43062)     Description:[RecvThreadProcess]RecvThread process exit,UsbType[0]
Info    2026-04-28 01:14:44:626  DevID:MV-CS020-10UC(DA2881775)  Source-Line:libMvUsb3vTL.so(StreamProcess.cpp-L1470)  ProcessName:component_container(43062)     Description:[RecvThread]U3V StreamRecvThread End, ThreadId[2281969216] USBType[0]
Info    2026-04-28 01:14:44:627  DevID:MV-CS020-10UC(DA2881775)  Source-Line:libMvUsb3vTL.so(StreamProcess.cpp-L1484)  ProcessName:component_container(43062)     Description:[Stop]UsbType[0] Stop begin
Info    2026-04-28 01:14:44:629  DevID:MV-CS020-10UC(DA2881775)  Source-Line:libMvUsb3vTL.so(StreamProcess.cpp-L1569)  ProcessName:component_container(43062)     Description:[Stop]UsbType[0] Stop Acquiration process end, GetFrameCount[2369], GetFrameCountSucceed[2369], ReceivedFrameCount[2370], AbnormalFrameCount[0]
Info    2026-04-28 01:14:44:631  DevID:MV-CS020-10UC(DA2881775)  Source-Line:libMvUsb3vTL.so(DriverLayer.cpp-L1523)  ProcessName:component_container(43062)     Description:[DeregisterHotPlugCallback]Deregister hotplug success
Info    2026-04-28 01:14:44:631  DevID:MV-CS020-10UC(DA2881775)  Source-Line:libMvUsb3vTL.so(DeviceControl.cpp-L0037)  ProcessName:component_container(43062)     Description:[HeartBeat]U3V HeartBeat End, ThreadId[3030017600], CameraType[0]
